// Jest Snapshot v1, https://goo.gl/fbAQLP

exports[`<Results /> renders this UI as expected 1`] = `
<ul
  className="Results__container"
/>
`;
