// Jest Snapshot v1, https://goo.gl/fbAQLP

exports[`<ValidationError /> renders this UI as expected 1`] = `null`;
