// Jest Snapshot v1, https://goo.gl/fbAQLP

exports[`<App /> renders this UI as expected 1`] = `
<div
  className="App"
>
  <h1>
    Star Wars Search App!
  </h1>
  <h3>
    A long time ago, in an API far, far away...
  </h3>
  <form
    className="Form__container"
    onSubmit={[Function]}
  >
    <div
      className="form-group"
    >
      <label
        htmlFor="search-character-name"
      >
        Search characters name: 
      </label>
      <input
        className="Form__control"
        id="search-character-name"
        name="search-character-name"
        onChange={[Function]}
        required={true}
        type="text"
      />
    </div>
    <div
      className="Form__button__group"
    >
      <button
        className="Form__button"
        disabled="Please enter search term"
        type="submit"
      >
        Search
      </button>
    </div>
  </form>
  <ul
    className="Results__container"
  />
</div>
`;
